// Jest Snapshot v1, https://goo.gl/fbAQLP

exports[`plugin html inject false: module 1`] = `
"<head>
  <link rel=\\"shortcut icon\\" sizes=\\"16x16\\" href=\\"data:image/svg+xml;base64,PHN2ZyBoZWlnaHQ9IjMwIiB2aWV3Qm94PSIwIDAgNDUgMTYiIHhtbG5zPSJodHRwOi8vd3d3LnczLm9yZy8yMDAwL3N2ZyIgd2lkdGg9Ijg0Ij48cGF0aCBmaWxsPSJyZ2IoMzYsIDQxLCA0NikiIGQ9Ik0xOC41MyAxMi4wM2gtLjAyYy4wMDkgMCAuMDE1LjAxLjAyNC4wMTFoLjAwNmwtLjAxLS4wMXptLjAwNC4wMTFjLS4wOTMuMDAxLS4zMjcuMDUtLjU3NC4wNS0uNzggMC0xLjA1LS4zNi0xLjA1LS44M1Y4LjEzaDEuNTljLjA5IDAgLjE2LS4wOC4xNi0uMTl2LTEuN2MwLS4wOS0uMDgtLjE3LS4xNi0uMTdoLTEuNTlWMy45NmMwLS4wOC0uMDUtLjEzLS4xNC0uMTNoLTIuMTZjLS4wOSAwLS4xNC4wNS0uMTQuMTN2Mi4xN3MtMS4wOS4yNy0xLjE2LjI4Yy0uMDguMDItLjEzLjA5LS4xMy4xN3YxLjM2YzAgLjExLjA4LjE5LjE3LjE5aDEuMTF2My4yOGMwIDIuNDQgMS43IDIuNjkgMi44NiAyLjY5LjUzIDAgMS4xNy0uMTcgMS4yNy0uMjIuMDYtLjAyLjA5LS4wOS4wOS0uMTZ2LTEuNWEuMTc3LjE3NyAwIDAwLS4xNDYtLjE4ek00Mi4yMyA5Ljg0YzAtMS44MS0uNzMtMi4wNS0xLjUtMS45Ny0uNi4wNC0xLjA4LjM0LTEuMDguMzR2My41MnMuNDkuMzQgMS4yMi4zNmMxLjAzLjAzIDEuMzYtLjM0IDEuMzYtMi4yNXptMi40My0uMTZjMCAzLjQzLTEuMTEgNC40MS0zLjA1IDQuNDEtMS42NCAwLTIuNTItLjgzLTIuNTItLjgzcy0uMDQuNDYtLjA5LjUyYy0uMDMuMDYtLjA4LjA4LS4xNC4wOGgtMS40OGMtLjEgMC0uMTktLjA4LS4xOS0uMTdsLjAyLTExLjExYzAtLjA5LjA4LS4xNy4xNy0uMTdoMi4xM2MuMDkgMCAuMTcuMDguMTcuMTd2My43N3MuODItLjUzIDIuMDItLjUzbC0uMDEtLjAyYzEuMiAwIDIuOTcuNDUgMi45NyAzLjg4em0tOC43Mi0zLjYxaC0yLjFjLS4xMSAwLS4xNy4wOC0uMTcuMTl2NS40NHMtLjU1LjM5LTEuMy4zOS0uOTctLjM0LS45Ny0xLjA5VjYuMjVjMC0uMDktLjA4LS4xNy0uMTctLjE3aC0yLjE0Yy0uMDkgMC0uMTcuMDgtLjE3LjE3djUuMTFjMCAyLjIgMS4yMyAyLjc1IDIuOTIgMi43NSAxLjM5IDAgMi41Mi0uNzcgMi41Mi0uNzdzLjA1LjM5LjA4LjQ1Yy4wMi4wNS4wOS4wOS4xNi4wOWgxLjM0Yy4xMSAwIC4xNy0uMDguMTctLjE3bC4wMi03LjQ3YzAtLjA5LS4wOC0uMTctLjE5LS4xN3ptLTIzLjctLjAxaC0yLjEzYy0uMDkgMC0uMTcuMDktLjE3LjJ2Ny4zNGMwIC4yLjEzLjI3LjMuMjdoMS45MmMuMiAwIC4yNS0uMDkuMjUtLjI3VjYuMjNjMC0uMDktLjA4LS4xNy0uMTctLjE3em0tMS4wNS0zLjM4Yy0uNzcgMC0xLjM4LjYxLTEuMzggMS4zOCAwIC43Ny42MSAxLjM4IDEuMzggMS4zOC43NSAwIDEuMzYtLjYxIDEuMzYtMS4zOCAwLS43Ny0uNjEtMS4zOC0xLjM2LTEuMzh6bTE2LjQ5LS4yNWgtMi4xMWMtLjA5IDAtLjE3LjA4LS4xNy4xN3Y0LjA5aC0zLjMxVjIuNmMwLS4wOS0uMDgtLjE3LS4xNy0uMTdoLTIuMTNjLS4wOSAwLS4xNy4wOC0uMTcuMTd2MTEuMTFjMCAuMDkuMDkuMTcuMTcuMTdoMi4xM2MuMDkgMCAuMTctLjA4LjE3LS4xN1Y4Ljk2aDMuMzFsLS4wMiA0Ljc1YzAgLjA5LjA4LjE3LjE3LjE3aDIuMTNjLjA5IDAgLjE3LS4wOC4xNy0uMTdWMi42YzAtLjA5LS4wOC0uMTctLjE3LS4xN3pNOC44MSA3LjM1djUuNzRjMCAuMDQtLjAxLjExLS4wNi4xMyAwIDAtMS4yNS44OS0zLjMxLjg5LTIuNDkgMC01LjQ0LS43OC01LjQ0LTUuOTJTMi41OCAxLjk5IDUuMSAyYzIuMTggMCAzLjA2LjQ5IDMuMi41OC4wNC4wNS4wNi4wOS4wNi4xNEw3Ljk0IDQuNWMwIC4wOS0uMDkuMi0uMi4xNy0uMzYtLjExLS45LS4zMy0yLjE3LS4zMy0xLjQ3IDAtMy4wNS40Mi0zLjA1IDMuNzNzMS41IDMuNyAyLjU4IDMuN2MuOTIgMCAxLjI1LS4xMSAxLjI1LS4xMXYtMi4zSDQuODhjLS4xMSAwLS4xOS0uMDgtLjE5LS4xN1Y3LjM1YzAtLjA5LjA4LS4xNy4xOS0uMTdoMy43NGMuMTEgMCAuMTkuMDguMTkuMTd6Ij48L3BhdGg+PC9zdmc+\\">
  <style>
    .inline {
      height: 200px;
      background: url(data:image/svg+xml;base64,PHN2ZyBoZWlnaHQ9IjMwIiB2aWV3Qm94PSIwIDAgNDUgMTYiIHhtbG5zPSJodHRwOi8vd3d3LnczLm9yZy8yMDAwL3N2ZyIgd2lkdGg9Ijg0Ij48cGF0aCBmaWxsPSJyZ2IoMzYsIDQxLCA0NikiIGQ9Ik0xOC41MyAxMi4wM2gtLjAyYy4wMDkgMCAuMDE1LjAxLjAyNC4wMTFoLjAwNmwtLjAxLS4wMXptLjAwNC4wMTFjLS4wOTMuMDAxLS4zMjcuMDUtLjU3NC4wNS0uNzggMC0xLjA1LS4zNi0xLjA1LS44M1Y4LjEzaDEuNTljLjA5IDAgLjE2LS4wOC4xNi0uMTl2LTEuN2MwLS4wOS0uMDgtLjE3LS4xNi0uMTdoLTEuNTlWMy45NmMwLS4wOC0uMDUtLjEzLS4xNC0uMTNoLTIuMTZjLS4wOSAwLS4xNC4wNS0uMTQuMTN2Mi4xN3MtMS4wOS4yNy0xLjE2LjI4Yy0uMDguMDItLjEzLjA5LS4xMy4xN3YxLjM2YzAgLjExLjA4LjE5LjE3LjE5aDEuMTF2My4yOGMwIDIuNDQgMS43IDIuNjkgMi44NiAyLjY5LjUzIDAgMS4xNy0uMTcgMS4yNy0uMjIuMDYtLjAyLjA5LS4wOS4wOS0uMTZ2LTEuNWEuMTc3LjE3NyAwIDAwLS4xNDYtLjE4ek00Mi4yMyA5Ljg0YzAtMS44MS0uNzMtMi4wNS0xLjUtMS45Ny0uNi4wNC0xLjA4LjM0LTEuMDguMzR2My41MnMuNDkuMzQgMS4yMi4zNmMxLjAzLjAzIDEuMzYtLjM0IDEuMzYtMi4yNXptMi40My0uMTZjMCAzLjQzLTEuMTEgNC40MS0zLjA1IDQuNDEtMS42NCAwLTIuNTItLjgzLTIuNTItLjgzcy0uMDQuNDYtLjA5LjUyYy0uMDMuMDYtLjA4LjA4LS4xNC4wOGgtMS40OGMtLjEgMC0uMTktLjA4LS4xOS0uMTdsLjAyLTExLjExYzAtLjA5LjA4LS4xNy4xNy0uMTdoMi4xM2MuMDkgMCAuMTcuMDguMTcuMTd2My43N3MuODItLjUzIDIuMDItLjUzbC0uMDEtLjAyYzEuMiAwIDIuOTcuNDUgMi45NyAzLjg4em0tOC43Mi0zLjYxaC0yLjFjLS4xMSAwLS4xNy4wOC0uMTcuMTl2NS40NHMtLjU1LjM5LTEuMy4zOS0uOTctLjM0LS45Ny0xLjA5VjYuMjVjMC0uMDktLjA4LS4xNy0uMTctLjE3aC0yLjE0Yy0uMDkgMC0uMTcuMDgtLjE3LjE3djUuMTFjMCAyLjIgMS4yMyAyLjc1IDIuOTIgMi43NSAxLjM5IDAgMi41Mi0uNzcgMi41Mi0uNzdzLjA1LjM5LjA4LjQ1Yy4wMi4wNS4wOS4wOS4xNi4wOWgxLjM0Yy4xMSAwIC4xNy0uMDguMTctLjE3bC4wMi03LjQ3YzAtLjA5LS4wOC0uMTctLjE5LS4xN3ptLTIzLjctLjAxaC0yLjEzYy0uMDkgMC0uMTcuMDktLjE3LjJ2Ny4zNGMwIC4yLjEzLjI3LjMuMjdoMS45MmMuMiAwIC4yNS0uMDkuMjUtLjI3VjYuMjNjMC0uMDktLjA4LS4xNy0uMTctLjE3em0tMS4wNS0zLjM4Yy0uNzcgMC0xLjM4LjYxLTEuMzggMS4zOCAwIC43Ny42MSAxLjM4IDEuMzggMS4zOC43NSAwIDEuMzYtLjYxIDEuMzYtMS4zOCAwLS43Ny0uNjEtMS4zOC0xLjM2LTEuMzh6bTE2LjQ5LS4yNWgtMi4xMWMtLjA5IDAtLjE3LjA4LS4xNy4xN3Y0LjA5aC0zLjMxVjIuNmMwLS4wOS0uMDgtLjE3LS4xNy0uMTdoLTIuMTNjLS4wOSAwLS4xNy4wOC0uMTcuMTd2MTEuMTFjMCAuMDkuMDkuMTcuMTcuMTdoMi4xM2MuMDkgMCAuMTctLjA4LjE3LS4xN1Y4Ljk2aDMuMzFsLS4wMiA0Ljc1YzAgLjA5LjA4LjE3LjE3LjE3aDIuMTNjLjA5IDAgLjE3LS4wOC4xNy0uMTdWMi42YzAtLjA5LS4wOC0uMTctLjE3LS4xN3pNOC44MSA3LjM1djUuNzRjMCAuMDQtLjAxLjExLS4wNi4xMyAwIDAtMS4yNS44OS0zLjMxLjg5LTIuNDkgMC01LjQ0LS43OC01LjQ0LTUuOTJTMi41OCAxLjk5IDUuMSAyYzIuMTggMCAzLjA2LjQ5IDMuMi41OC4wNC4wNS4wNi4wOS4wNi4xNEw3Ljk0IDQuNWMwIC4wOS0uMDkuMi0uMi4xNy0uMzYtLjExLS45LS4zMy0yLjE3LS4zMy0xLjQ3IDAtMy4wNS40Mi0zLjA1IDMuNzNzMS41IDMuNyAyLjU4IDMuN2MuOTIgMCAxLjI1LS4xMSAxLjI1LS4xMXYtMi4zSDQuODhjLS4xMSAwLS4xOS0uMDgtLjE5LS4xN1Y3LjM1YzAtLjA5LjA4LS4xNy4xOS0uMTdoMy43NGMuMTEgMCAuMTkuMDguMTkuMTd6Ij48L3BhdGg+PC9zdmc+);
    }
  
/*# sourceMappingURL=to.css.map */</style>
</head>

<body>
  <img src=\\"data:image/svg+xml;base64,PHN2ZyBoZWlnaHQ9IjMwIiB2aWV3Qm94PSIwIDAgNDUgMTYiIHhtbG5zPSJodHRwOi8vd3d3LnczLm9yZy8yMDAwL3N2ZyIgd2lkdGg9Ijg0Ij48cGF0aCBmaWxsPSJyZ2IoMzYsIDQxLCA0NikiIGQ9Ik0xOC41MyAxMi4wM2gtLjAyYy4wMDkgMCAuMDE1LjAxLjAyNC4wMTFoLjAwNmwtLjAxLS4wMXptLjAwNC4wMTFjLS4wOTMuMDAxLS4zMjcuMDUtLjU3NC4wNS0uNzggMC0xLjA1LS4zNi0xLjA1LS44M1Y4LjEzaDEuNTljLjA5IDAgLjE2LS4wOC4xNi0uMTl2LTEuN2MwLS4wOS0uMDgtLjE3LS4xNi0uMTdoLTEuNTlWMy45NmMwLS4wOC0uMDUtLjEzLS4xNC0uMTNoLTIuMTZjLS4wOSAwLS4xNC4wNS0uMTQuMTN2Mi4xN3MtMS4wOS4yNy0xLjE2LjI4Yy0uMDguMDItLjEzLjA5LS4xMy4xN3YxLjM2YzAgLjExLjA4LjE5LjE3LjE5aDEuMTF2My4yOGMwIDIuNDQgMS43IDIuNjkgMi44NiAyLjY5LjUzIDAgMS4xNy0uMTcgMS4yNy0uMjIuMDYtLjAyLjA5LS4wOS4wOS0uMTZ2LTEuNWEuMTc3LjE3NyAwIDAwLS4xNDYtLjE4ek00Mi4yMyA5Ljg0YzAtMS44MS0uNzMtMi4wNS0xLjUtMS45Ny0uNi4wNC0xLjA4LjM0LTEuMDguMzR2My41MnMuNDkuMzQgMS4yMi4zNmMxLjAzLjAzIDEuMzYtLjM0IDEuMzYtMi4yNXptMi40My0uMTZjMCAzLjQzLTEuMTEgNC40MS0zLjA1IDQuNDEtMS42NCAwLTIuNTItLjgzLTIuNTItLjgzcy0uMDQuNDYtLjA5LjUyYy0uMDMuMDYtLjA4LjA4LS4xNC4wOGgtMS40OGMtLjEgMC0uMTktLjA4LS4xOS0uMTdsLjAyLTExLjExYzAtLjA5LjA4LS4xNy4xNy0uMTdoMi4xM2MuMDkgMCAuMTcuMDguMTcuMTd2My43N3MuODItLjUzIDIuMDItLjUzbC0uMDEtLjAyYzEuMiAwIDIuOTcuNDUgMi45NyAzLjg4em0tOC43Mi0zLjYxaC0yLjFjLS4xMSAwLS4xNy4wOC0uMTcuMTl2NS40NHMtLjU1LjM5LTEuMy4zOS0uOTctLjM0LS45Ny0xLjA5VjYuMjVjMC0uMDktLjA4LS4xNy0uMTctLjE3aC0yLjE0Yy0uMDkgMC0uMTcuMDgtLjE3LjE3djUuMTFjMCAyLjIgMS4yMyAyLjc1IDIuOTIgMi43NSAxLjM5IDAgMi41Mi0uNzcgMi41Mi0uNzdzLjA1LjM5LjA4LjQ1Yy4wMi4wNS4wOS4wOS4xNi4wOWgxLjM0Yy4xMSAwIC4xNy0uMDguMTctLjE3bC4wMi03LjQ3YzAtLjA5LS4wOC0uMTctLjE5LS4xN3ptLTIzLjctLjAxaC0yLjEzYy0uMDkgMC0uMTcuMDktLjE3LjJ2Ny4zNGMwIC4yLjEzLjI3LjMuMjdoMS45MmMuMiAwIC4yNS0uMDkuMjUtLjI3VjYuMjNjMC0uMDktLjA4LS4xNy0uMTctLjE3em0tMS4wNS0zLjM4Yy0uNzcgMC0xLjM4LjYxLTEuMzggMS4zOCAwIC43Ny42MSAxLjM4IDEuMzggMS4zOC43NSAwIDEuMzYtLjYxIDEuMzYtMS4zOCAwLS43Ny0uNjEtMS4zOC0xLjM2LTEuMzh6bTE2LjQ5LS4yNWgtMi4xMWMtLjA5IDAtLjE3LjA4LS4xNy4xN3Y0LjA5aC0zLjMxVjIuNmMwLS4wOS0uMDgtLjE3LS4xNy0uMTdoLTIuMTNjLS4wOSAwLS4xNy4wOC0uMTcuMTd2MTEuMTFjMCAuMDkuMDkuMTcuMTcuMTdoMi4xM2MuMDkgMCAuMTctLjA4LjE3LS4xN1Y4Ljk2aDMuMzFsLS4wMiA0Ljc1YzAgLjA5LjA4LjE3LjE3LjE3aDIuMTNjLjA5IDAgLjE3LS4wOC4xNy0uMTdWMi42YzAtLjA5LS4wOC0uMTctLjE3LS4xN3pNOC44MSA3LjM1djUuNzRjMCAuMDQtLjAxLjExLS4wNi4xMyAwIDAtMS4yNS44OS0zLjMxLjg5LTIuNDkgMC01LjQ0LS43OC01LjQ0LTUuOTJTMi41OCAxLjk5IDUuMSAyYzIuMTggMCAzLjA2LjQ5IDMuMi41OC4wNC4wNS4wNi4wOS4wNi4xNEw3Ljk0IDQuNWMwIC4wOS0uMDkuMi0uMi4xNy0uMzYtLjExLS45LS4zMy0yLjE3LS4zMy0xLjQ3IDAtMy4wNS40Mi0zLjA1IDMuNzNzMS41IDMuNyAyLjU4IDMuN2MuOTIgMCAxLjI1LS4xMSAxLjI1LS4xMXYtMi4zSDQuODhjLS4xMSAwLS4xOS0uMDgtLjE5LS4xN1Y3LjM1YzAtLjA5LjA4LS4xNy4xOS0uMTdoMy43NGMuMTEgMCAuMTkuMDguMTkuMTd6Ij48L3BhdGg+PC9zdmc+\\">
  <div class=\\"inline test\\"></div>
  <div class=\\"inline\\" style=\\"width: 200px; background: url(data:image/svg+xml;base64,PHN2ZyBoZWlnaHQ9IjMwIiB2aWV3Qm94PSIwIDAgNDUgMTYiIHhtbG5zPSJodHRwOi8vd3d3LnczLm9yZy8yMDAwL3N2ZyIgd2lkdGg9Ijg0Ij48cGF0aCBmaWxsPSJyZ2IoMzYsIDQxLCA0NikiIGQ9Ik0xOC41MyAxMi4wM2gtLjAyYy4wMDkgMCAuMDE1LjAxLjAyNC4wMTFoLjAwNmwtLjAxLS4wMXptLjAwNC4wMTFjLS4wOTMuMDAxLS4zMjcuMDUtLjU3NC4wNS0uNzggMC0xLjA1LS4zNi0xLjA1LS44M1Y4LjEzaDEuNTljLjA5IDAgLjE2LS4wOC4xNi0uMTl2LTEuN2MwLS4wOS0uMDgtLjE3LS4xNi0uMTdoLTEuNTlWMy45NmMwLS4wOC0uMDUtLjEzLS4xNC0uMTNoLTIuMTZjLS4wOSAwLS4xNC4wNS0uMTQuMTN2Mi4xN3MtMS4wOS4yNy0xLjE2LjI4Yy0uMDguMDItLjEzLjA5LS4xMy4xN3YxLjM2YzAgLjExLjA4LjE5LjE3LjE5aDEuMTF2My4yOGMwIDIuNDQgMS43IDIuNjkgMi44NiAyLjY5LjUzIDAgMS4xNy0uMTcgMS4yNy0uMjIuMDYtLjAyLjA5LS4wOS4wOS0uMTZ2LTEuNWEuMTc3LjE3NyAwIDAwLS4xNDYtLjE4ek00Mi4yMyA5Ljg0YzAtMS44MS0uNzMtMi4wNS0xLjUtMS45Ny0uNi4wNC0xLjA4LjM0LTEuMDguMzR2My41MnMuNDkuMzQgMS4yMi4zNmMxLjAzLjAzIDEuMzYtLjM0IDEuMzYtMi4yNXptMi40My0uMTZjMCAzLjQzLTEuMTEgNC40MS0zLjA1IDQuNDEtMS42NCAwLTIuNTItLjgzLTIuNTItLjgzcy0uMDQuNDYtLjA5LjUyYy0uMDMuMDYtLjA4LjA4LS4xNC4wOGgtMS40OGMtLjEgMC0uMTktLjA4LS4xOS0uMTdsLjAyLTExLjExYzAtLjA5LjA4LS4xNy4xNy0uMTdoMi4xM2MuMDkgMCAuMTcuMDguMTcuMTd2My43N3MuODItLjUzIDIuMDItLjUzbC0uMDEtLjAyYzEuMiAwIDIuOTcuNDUgMi45NyAzLjg4em0tOC43Mi0zLjYxaC0yLjFjLS4xMSAwLS4xNy4wOC0uMTcuMTl2NS40NHMtLjU1LjM5LTEuMy4zOS0uOTctLjM0LS45Ny0xLjA5VjYuMjVjMC0uMDktLjA4LS4xNy0uMTctLjE3aC0yLjE0Yy0uMDkgMC0uMTcuMDgtLjE3LjE3djUuMTFjMCAyLjIgMS4yMyAyLjc1IDIuOTIgMi43NSAxLjM5IDAgMi41Mi0uNzcgMi41Mi0uNzdzLjA1LjM5LjA4LjQ1Yy4wMi4wNS4wOS4wOS4xNi4wOWgxLjM0Yy4xMSAwIC4xNy0uMDguMTctLjE3bC4wMi03LjQ3YzAtLjA5LS4wOC0uMTctLjE5LS4xN3ptLTIzLjctLjAxaC0yLjEzYy0uMDkgMC0uMTcuMDktLjE3LjJ2Ny4zNGMwIC4yLjEzLjI3LjMuMjdoMS45MmMuMiAwIC4yNS0uMDkuMjUtLjI3VjYuMjNjMC0uMDktLjA4LS4xNy0uMTctLjE3em0tMS4wNS0zLjM4Yy0uNzcgMC0xLjM4LjYxLTEuMzggMS4zOCAwIC43Ny42MSAxLjM4IDEuMzggMS4zOC43NSAwIDEuMzYtLjYxIDEuMzYtMS4zOCAwLS43Ny0uNjEtMS4zOC0xLjM2LTEuMzh6bTE2LjQ5LS4yNWgtMi4xMWMtLjA5IDAtLjE3LjA4LS4xNy4xN3Y0LjA5aC0zLjMxVjIuNmMwLS4wOS0uMDgtLjE3LS4xNy0uMTdoLTIuMTNjLS4wOSAwLS4xNy4wOC0uMTcuMTd2MTEuMTFjMCAuMDkuMDkuMTcuMTcuMTdoMi4xM2MuMDkgMCAuMTctLjA4LjE3LS4xN1Y4Ljk2aDMuMzFsLS4wMiA0Ljc1YzAgLjA5LjA4LjE3LjE3LjE3aDIuMTNjLjA5IDAgLjE3LS4wOC4xNy0uMTdWMi42YzAtLjA5LS4wOC0uMTctLjE3LS4xN3pNOC44MSA3LjM1djUuNzRjMCAuMDQtLjAxLjExLS4wNi4xMyAwIDAtMS4yNS44OS0zLjMxLjg5LTIuNDkgMC01LjQ0LS43OC01LjQ0LTUuOTJTMi41OCAxLjk5IDUuMSAyYzIuMTggMCAzLjA2LjQ5IDMuMi41OC4wNC4wNS4wNi4wOS4wNi4xNEw3Ljk0IDQuNWMwIC4wOS0uMDkuMi0uMi4xNy0uMzYtLjExLS45LS4zMy0yLjE3LS4zMy0xLjQ3IDAtMy4wNS40Mi0zLjA1IDMuNzNzMS41IDMuNyAyLjU4IDMuN2MuOTIgMCAxLjI1LS4xMSAxLjI1LS4xMXYtMi4zSDQuODhjLS4xMSAwLS4xOS0uMDgtLjE5LS4xN1Y3LjM1YzAtLjA5LjA4LS4xNy4xOS0uMTdoMy43NGMuMTEgMCAuMTkuMDguMTkuMTd6Ij48L3BhdGg+PC9zdmc+)\\"></div>
  <div class=\\"inline\\" style=\\"width: 200px;\\"></div>

  <script>
    var img = document.createElement('img')
    img.src = \\"data:image/svg+xml;base64,PHN2ZyBoZWlnaHQ9IjMwIiB2aWV3Qm94PSIwIDAgNDUgMTYiIHhtbG5zPSJodHRwOi8vd3d3LnczLm9yZy8yMDAwL3N2ZyIgd2lkdGg9Ijg0Ij48cGF0aCBmaWxsPSJyZ2IoMzYsIDQxLCA0NikiIGQ9Ik0xOC41MyAxMi4wM2gtLjAyYy4wMDkgMCAuMDE1LjAxLjAyNC4wMTFoLjAwNmwtLjAxLS4wMXptLjAwNC4wMTFjLS4wOTMuMDAxLS4zMjcuMDUtLjU3NC4wNS0uNzggMC0xLjA1LS4zNi0xLjA1LS44M1Y4LjEzaDEuNTljLjA5IDAgLjE2LS4wOC4xNi0uMTl2LTEuN2MwLS4wOS0uMDgtLjE3LS4xNi0uMTdoLTEuNTlWMy45NmMwLS4wOC0uMDUtLjEzLS4xNC0uMTNoLTIuMTZjLS4wOSAwLS4xNC4wNS0uMTQuMTN2Mi4xN3MtMS4wOS4yNy0xLjE2LjI4Yy0uMDguMDItLjEzLjA5LS4xMy4xN3YxLjM2YzAgLjExLjA4LjE5LjE3LjE5aDEuMTF2My4yOGMwIDIuNDQgMS43IDIuNjkgMi44NiAyLjY5LjUzIDAgMS4xNy0uMTcgMS4yNy0uMjIuMDYtLjAyLjA5LS4wOS4wOS0uMTZ2LTEuNWEuMTc3LjE3NyAwIDAwLS4xNDYtLjE4ek00Mi4yMyA5Ljg0YzAtMS44MS0uNzMtMi4wNS0xLjUtMS45Ny0uNi4wNC0xLjA4LjM0LTEuMDguMzR2My41MnMuNDkuMzQgMS4yMi4zNmMxLjAzLjAzIDEuMzYtLjM0IDEuMzYtMi4yNXptMi40My0uMTZjMCAzLjQzLTEuMTEgNC40MS0zLjA1IDQuNDEtMS42NCAwLTIuNTItLjgzLTIuNTItLjgzcy0uMDQuNDYtLjA5LjUyYy0uMDMuMDYtLjA4LjA4LS4xNC4wOGgtMS40OGMtLjEgMC0uMTktLjA4LS4xOS0uMTdsLjAyLTExLjExYzAtLjA5LjA4LS4xNy4xNy0uMTdoMi4xM2MuMDkgMCAuMTcuMDguMTcuMTd2My43N3MuODItLjUzIDIuMDItLjUzbC0uMDEtLjAyYzEuMiAwIDIuOTcuNDUgMi45NyAzLjg4em0tOC43Mi0zLjYxaC0yLjFjLS4xMSAwLS4xNy4wOC0uMTcuMTl2NS40NHMtLjU1LjM5LTEuMy4zOS0uOTctLjM0LS45Ny0xLjA5VjYuMjVjMC0uMDktLjA4LS4xNy0uMTctLjE3aC0yLjE0Yy0uMDkgMC0uMTcuMDgtLjE3LjE3djUuMTFjMCAyLjIgMS4yMyAyLjc1IDIuOTIgMi43NSAxLjM5IDAgMi41Mi0uNzcgMi41Mi0uNzdzLjA1LjM5LjA4LjQ1Yy4wMi4wNS4wOS4wOS4xNi4wOWgxLjM0Yy4xMSAwIC4xNy0uMDguMTctLjE3bC4wMi03LjQ3YzAtLjA5LS4wOC0uMTctLjE5LS4xN3ptLTIzLjctLjAxaC0yLjEzYy0uMDkgMC0uMTcuMDktLjE3LjJ2Ny4zNGMwIC4yLjEzLjI3LjMuMjdoMS45MmMuMiAwIC4yNS0uMDkuMjUtLjI3VjYuMjNjMC0uMDktLjA4LS4xNy0uMTctLjE3em0tMS4wNS0zLjM4Yy0uNzcgMC0xLjM4LjYxLTEuMzggMS4zOCAwIC43Ny42MSAxLjM4IDEuMzggMS4zOC43NSAwIDEuMzYtLjYxIDEuMzYtMS4zOCAwLS43Ny0uNjEtMS4zOC0xLjM2LTEuMzh6bTE2LjQ5LS4yNWgtMi4xMWMtLjA5IDAtLjE3LjA4LS4xNy4xN3Y0LjA5aC0zLjMxVjIuNmMwLS4wOS0uMDgtLjE3LS4xNy0uMTdoLTIuMTNjLS4wOSAwLS4xNy4wOC0uMTcuMTd2MTEuMTFjMCAuMDkuMDkuMTcuMTcuMTdoMi4xM2MuMDkgMCAuMTctLjA4LjE3LS4xN1Y4Ljk2aDMuMzFsLS4wMiA0Ljc1YzAgLjA5LjA4LjE3LjE3LjE3aDIuMTNjLjA5IDAgLjE3LS4wOC4xNy0uMTdWMi42YzAtLjA5LS4wOC0uMTctLjE3LS4xN3pNOC44MSA3LjM1djUuNzRjMCAuMDQtLjAxLjExLS4wNi4xMyAwIDAtMS4yNS44OS0zLjMxLjg5LTIuNDkgMC01LjQ0LS43OC01LjQ0LTUuOTJTMi41OCAxLjk5IDUuMSAyYzIuMTggMCAzLjA2LjQ5IDMuMi41OC4wNC4wNS4wNi4wOS4wNi4xNEw3Ljk0IDQuNWMwIC4wOS0uMDkuMi0uMi4xNy0uMzYtLjExLS45LS4zMy0yLjE3LS4zMy0xLjQ3IDAtMy4wNS40Mi0zLjA1IDMuNzNzMS41IDMuNyAyLjU4IDMuN2MuOTIgMCAxLjI1LS4xMSAxLjI1LS4xMXYtMi4zSDQuODhjLS4xMSAwLS4xOS0uMDgtLjE5LS4xN1Y3LjM1YzAtLjA5LjA4LS4xNy4xOS0uMTdoMy43NGMuMTEgMCAuMTkuMDguMTkuMTd6Ij48L3BhdGg+PC9zdmc+\\"
    document.body.append(img)
  </script>

  <!-- <script src=\\"https://github.githubassets.com/assets/chunk-frameworks-39ff961b.js\\"></script> -->
<script src=\\"/webpack/public/path/main.bundle.js\\"></script></body>"
`;

exports[`plugin html inject false: result 1`] = `
Array [
  Array [
    "../../node_modules/css-loader/dist/cjs.js!./basic.css",
    ".test {
  background-image: url('https://github.githubassets.com/images/modules/site/icons/footer/github-logo.svg');
  height: 100px;
  width: 100px;
}",
    "",
  ],
  Array [
    "./import.css",
    ".import {
  background-color: lightseagreen;
}",
    "",
  ],
]
`;

exports[`plugin html inject true: module 1`] = `
"<head><script>(()=>{var t,e,r={528:t=>{function e(t){return(e=\\"function\\"==typeof Symbol&&\\"symbol\\"==typeof Symbol.iterator?function(t){return typeof t}:function(t){return t&&\\"function\\"==typeof Symbol&&t.constructor===Symbol&&t!==Symbol.prototype?\\"symbol\\":typeof t})(t)}function r(t,c){r=function(t,e){return new l(t,void 0,e)};var a=o(RegExp),i=RegExp.prototype,u=new WeakMap;function l(t,e,r){var n=a.call(this,t,e);return u.set(n,r||u.get(t)),n}function f(t,e){var r=u.get(e);return Object.keys(r).reduce((function(e,n){return e[n]=t[r[n]],e}),Object.create(null))}return n(l,a),l.prototype.exec=function(t){var e=i.exec.call(this,t);return e&&(e.groups=f(e,this)),e},l.prototype[Symbol.replace]=function(t,r){if(\\"string\\"==typeof r){var n=u.get(this);return i[Symbol.replace].call(this,t,r.replace(/\\\\$<([^>]+)>/g,(function(t,e){return\\"$\\"+n[e]})))}if(\\"function\\"==typeof r){var o=this;return i[Symbol.replace].call(this,t,(function(){var t=[];return t.push.apply(t,arguments),\\"object\\"!==e(t[t.length-1])&&t.push(f(t,o)),r.apply(this,t)}))}return i[Symbol.replace].call(this,t,r)},r.apply(this,arguments)}function n(t,e){if(\\"function\\"!=typeof e&&null!==e)throw new TypeError(\\"Super expression must either be null or a function\\");t.prototype=Object.create(e&&e.prototype,{constructor:{value:t,writable:!0,configurable:!0}}),e&&i(t,e)}function o(t){var e=\\"function\\"==typeof Map?new Map:void 0;return(o=function(t){if(null===t||(r=t,-1===Function.toString.call(r).indexOf(\\"[native code]\\")))return t;var r;if(\\"function\\"!=typeof t)throw new TypeError(\\"Super expression must either be null or a function\\");if(void 0!==e){if(e.has(t))return e.get(t);e.set(t,n)}function n(){return c(t,arguments,u(this).constructor)}return n.prototype=Object.create(t.prototype,{constructor:{value:n,enumerable:!1,writable:!0,configurable:!0}}),i(n,t)})(t)}function c(t,e,r){return(c=a()?Reflect.construct:function(t,e,r){var n=[null];n.push.apply(n,e);var o=new(Function.bind.apply(t,n));return r&&i(o,r.prototype),o}).apply(null,arguments)}function a(){if(\\"undefined\\"==typeof Reflect||!Reflect.construct)return!1;if(Reflect.construct.sham)return!1;if(\\"function\\"==typeof Proxy)return!0;try{return Boolean.prototype.valueOf.call(Reflect.construct(Boolean,[],(function(){}))),!0}catch(t){return!1}}function i(t,e){return(i=Object.setPrototypeOf||function(t,e){return t.__proto__=e,t})(t,e)}function u(t){return(u=Object.setPrototypeOf?Object.getPrototypeOf:function(t){return t.__proto__||Object.getPrototypeOf(t)})(t)}function l(t,e){var r=Object.keys(t);if(Object.getOwnPropertySymbols){var n=Object.getOwnPropertySymbols(t);e&&(n=n.filter((function(e){return Object.getOwnPropertyDescriptor(t,e).enumerable}))),r.push.apply(r,n)}return r}function f(t){for(var e=1;e<arguments.length;e++){var r=null!=arguments[e]?arguments[e]:{};e%2?l(Object(r),!0).forEach((function(e){p(t,e,r[e])})):Object.getOwnPropertyDescriptors?Object.defineProperties(t,Object.getOwnPropertyDescriptors(r)):l(Object(r)).forEach((function(e){Object.defineProperty(t,e,Object.getOwnPropertyDescriptor(r,e))}))}return t}function p(t,e,r){return e in t?Object.defineProperty(t,e,{value:r,enumerable:!0,configurable:!0,writable:!0}):t[e]=r,t}function s(t,e){return function(t){if(Array.isArray(t))return t}(t)||function(t,e){if(\\"undefined\\"!=typeof Symbol&&Symbol.iterator in Object(t)){var r=[],n=!0,o=!1,c=void 0;try{for(var a,i=t[Symbol.iterator]();!(n=(a=i.next()).done)&&(r.push(a.value),!e||r.length!==e);n=!0);}catch(t){o=!0,c=t}finally{try{n||null==i.return||i.return()}finally{if(o)throw c}}return r}}(t,e)||function(t,e){if(t){if(\\"string\\"==typeof t)return h(t,e);var r=Object.prototype.toString.call(t).slice(8,-1);return\\"Object\\"===r&&t.constructor&&(r=t.constructor.name),\\"Map\\"===r||\\"Set\\"===r?Array.from(t):\\"Arguments\\"===r||/^(?:Ui|I)nt(?:8|16|32)(?:Clamped)?Array$/.test(r)?h(t,e):void 0}}(t,e)||function(){throw new TypeError(\\"Invalid attempt to destructure non-iterable instance.\\\\nIn order to be iterable, non-array objects must have a [Symbol.iterator]() method.\\")}()}function h(t,e){(null==e||e>t.length)&&(e=t.length);for(var r=0,n=new Array(e);r<e;r++)n[r]=t[r];return n}var y=\\"-_.~!*'();:@&=+$,/?#%\\",g={pathname:\\"a-z0-9\\\\\\\\\\"+y.replace(/[;:@&=+$,/?#'%]/g,\\"\\").split(\\"\\").join(\\"\\\\\\\\\\"),host:\\"a-z0-9\\\\\\\\\\"+y.replace(/[.;:@&=+$,/?#'%]/g,\\"\\").split(\\"\\").join(\\"\\\\\\\\\\"),hash:\\"a-z0-9\\\\\\\\\\"+y.replace(/[?#']/g,\\"\\").split(\\"\\").join(\\"\\\\\\\\\\"),search:\\"a-z0-9\\\\\\\\\\"+y.replace(/[?#']/g,\\"\\").split(\\"\\").join(\\"\\\\\\\\\\")},m={protocol:\\"(https?:)?\\\\\\\\/\\\\\\\\/\\",pathname:\\"(^[\\".concat(g.pathname,\\"]+)?((\\\\\\\\/[\\").concat(g.pathname,\\"]+)+\\\\\\\\/?|\\\\\\\\/)\\"),host:\\"([\\".concat(g.host,\\"])+(\\\\\\\\.[\\").concat(g.host,\\"]+)+(\\\\\\\\:\\\\\\\\d+)?\\"),hash:\\"#[\\".concat(g.hash,\\"]*\\"),search:\\"\\\\\\\\?[\\".concat(g.search,\\"]*\\")},b=function(t,e){return\\"(\\".concat(e?\\"?<\\".concat(t,\\">\\"):\\"\\").concat(m[t],\\")\\")};Object.keys(m).forEach((function(t){m[t+\\"_g\\"]=b(t,!0),m[t]=b(t)}));var v=\\"(?<origin>\\".concat(m.protocol_g).concat(m.host_g,\\")\\"),d=\\"(?<tail>\\".concat(m.pathname_g,\\"?(\\").concat(m.hash_g,\\"|\\").concat(m.search_g,\\")?)\\"),O=new RegExp(\\"\\".concat(v,\\"?\\").concat(d),\\"i\\"),x=\\"(\\".concat(m.protocol).concat(m.host,\\")\\"),j=\\"(\\".concat(m.hash,\\"|\\").concat(m.search,\\")\\"),w=\\"(\\".concat(m.pathname).concat(j,\\"?|\\").concat(j,\\")\\"),S=new RegExp(\\"(\\".concat(x).concat(w,\\"?)|(\\").concat(w,\\")\\"),\\"i\\"),P=new RegExp(\\"^(\\".concat(S.source,\\")$\\"),O.flags),R=function(t,e){return t&&(e?P:S).test(t)},_=function(t){var e=arguments.length>1&&void 0!==arguments[1]?arguments[1]:{},r=e.intraProtocol||\\"http\\";return Object.keys(t).forEach((function(e){if(\\"protocol\\"===e)if(void 0!==t[e]){var n=s(t[e].split(\\":\\"),2),o=n[0];n[1]?t[e]=o:(t[e]=r,t.origin=r+\\":\\"+t.origin,t.href=r+\\":\\"+t.href)}else t[e]=r;else if(\\"host\\"===e){if(void 0!==t[e]){var c=s(t[e].split(\\":\\"),2),a=c[0],i=c[1];t.hostname=a,t.port=i}}else\\"pathname\\"===e&&(void 0===t[e]||t[e].startsWith(\\"/\\")||(t[e]=\\"/\\"+t[e]));void 0===t[e]&&(t[e]=\\"\\")})),t.origin||t.tail?t:null},E=function(t){var e=arguments.length>1&&void 0!==arguments[1]?arguments[1]:{};if(void 0===t)return null;var r=O.exec(t);return r&&r[0]===t?(r=f({href:r[0]},r.groups),_(r,e)):null},I=new Map,A=function(t,e){var r=arguments.length>2&&void 0!==arguments[2]?arguments[2]:{};if(!e&&I.has(t))return I.get(t);var n=E(t,r);return n&&(n.host||n.pathname)?(n.ext=\\"\\",n.inside=!!(!n.host&&n.pathname||r.intraHosts&&r.intraHosts.includes(n.host)),e||(n.ext=(/\\\\.([0-0a-z]+)$/i.exec(n.pathname)||[])[1]||\\"\\",I.set(t,n)),n):null},N=r(/url\\\\((([\\"']?)((?:(?![ \\"'])[\\\\s\\\\S])+)\\\\2)\\\\)/i,{origin:1,href:3}),k=function(t,e){for(var r,n=!(arguments.length>2&&void 0!==arguments[2])||arguments[2],o=new RegExp(e,\\"g\\"),c=[];(r=o.exec(t))&&r[0];)(\\"function\\"==typeof n?n(r):n)&&c.push(r.groups);return c};t.exports={testUrl:R,getUrlFullInfo:A,parseStyleUrl:function(t,e){var r=N.exec(t);return!r||e&&!R(r.groups.href,!0)?null:r.groups},execUrl:function(t){return k(t,O)},execStyleUrl:function(t,e){return k(t,N,(function(t){return!e||R(t.groups.href,!0)}))},transformCgi:function(t){var r=arguments.length>1&&void 0!==arguments[1]?arguments[1]:{};if(\\"function\\"==typeof r.transformCgi)return r.transformCgi(t);if(!t)return\\"\\";var n=t;if(\\"object\\"===e(t))t=t.href||\\"\\";else{if(\\"string\\"!=typeof t)throw new Error(\\"url\`s type must be object or string!\\");n=A(t,!0,r)}if(!n)return t;if(!n.inside)return r.extraBlock?\\"\\":t;if(r.intraBlockPaths.includes(n.pathname))return\\"\\";var o=Object.keys(r.intraPathTopLevelRules);if(o.some((function(t){return 0===n.pathname.indexOf(r.intraPathTopLevelRules[t])})))return t;var c=n.pathname.split(\\"/\\").filter((function(t){return t}));return o.includes(c[0])?(c[0]=r.intraPathTopLevelRules[c[0]],c[1]=r.intraPathSecondLevelRules[c[1]]||c[1],c.join(\\"/\\")+(n.hash||n.search)):r.intraBlock?\\"\\":t}}}},n={};e=function t(e){if(n[e])return n[e].exports;var o=n[e]={exports:{}};return r[e](o,o.exports,t),o.exports}(528).transformCgi,window.CORE_OPTIONS=JSON.parse(\\"{\\\\\\"context\\\\\\":\\\\\\"/Users/hakonleung/Desktop/replace-build\\\\\\",\\\\\\"extraBlock\\\\\\":false,\\\\\\"globalAlias\\\\\\":[\\\\\\"window\\\\\\",\\\\\\"windowAsAny\\\\\\",\\\\\\"global\\\\\\"],\\\\\\"injectBlockMethod\\\\\\":true,\\\\\\"intraBlock\\\\\\":false,\\\\\\"intraBlockPaths\\\\\\":[],\\\\\\"intraHosts\\\\\\":[\\\\\\"doc.weixin.qq.com\\\\\\"],\\\\\\"intraPathSecondLevelRules\\\\\\":{\\\\\\"getinfo\\\\\\":\\\\\\"get_info\\\\\\"},\\\\\\"intraPathTopLevelRules\\\\\\":{\\\\\\"doc\\\\\\":\\\\\\"/cgi-bin/doc\\\\\\",\\\\\\"wedoc\\\\\\":\\\\\\"/cgi-bin/doc\\\\\\",\\\\\\"txdoc\\\\\\":\\\\\\"/cgi-bin/doc\\\\\\",\\\\\\"comment\\\\\\":\\\\\\"/cgi-bin/doc\\\\\\",\\\\\\"disk\\\\\\":\\\\\\"/cgi-bin/disk\\\\\\",\\\\\\"info\\\\\\":\\\\\\"/cgi-bin/disk\\\\\\"},\\\\\\"intraProtocol\\\\\\":\\\\\\"https\\\\\\",\\\\\\"loggerCodeLength\\\\\\":100,\\\\\\"loggerDataToJson\\\\\\":true,\\\\\\"loggerTransports\\\\\\":null,\\\\\\"requestRetryTimes\\\\\\":3,\\\\\\"requestTimeout\\\\\\":3000,\\\\\\"transformCgi\\\\\\":null,\\\\\\"transformerCgiEqualExprAccesses\\\\\\":[\\\\\\"window.location\\\\\\",\\\\\\"window.location.href\\\\\\"],\\\\\\"transformerCgiCallExprAccesses\\\\\\":[\\\\\\"window.open\\\\\\",\\\\\\"window.location.replace\\\\\\"],\\\\\\"transformerIgnoreEqualExprAccesses\\\\\\":[],\\\\\\"transformerIgnoreCallExprAccesses\\\\\\":[\\\\\\"tencentDocOpenUrl\\\\\\"],\\\\\\"transformerIgnorePathReg\\\\\\":{}}\\"),CORE_OPTIONS.blockExtraUrl=!0,t=window,function(){function r(e,r,n){if(t.console){var o=\\"%c[local]api \\"+e+\\": \\"+r;n=Object.keys(n).reduce((function(t,e){return t+e+\\":\\"+n[e]+\\";\\"}),\\"\\"),t.console.log(o,n)}}function n(t){return function(){if(this.readyState===this.OPENED)return t.apply(this,[].slice.call(arguments));var e=/function (\\\\w+)\\\\(/.exec(t.toString());r(\\"block\\",(e=e?e[1].toUpperCase():\\"\\")+\\"=>\\"+this.aegisUrl,{color:\\"lightseagreen\\",\\"font-size\\":\\"14px\\"})}}[{target:XMLHttpRequest.prototype,methodName:\\"open\\",urlArgIndex:1},{target:t,methodName:\\"open\\",urlArgIndex:0},{target:XMLHttpRequest.prototype,methodName:\\"setRequestHeader\\",customMethod:n},{target:XMLHttpRequest.prototype,methodName:\\"send\\",customMethod:n}].forEach((function(t){var n=t.target[t.methodName];\\"number\\"==typeof t.urlArgIndex&&(t.target[t.methodName]=function(){var o=e(arguments[t.urlArgIndex],CORE_OPTIONS);if(r(\\"proxy\\",\\"\\",{color:\\"#ff008a\\",\\"font-size\\":\\"14px\\"}),r(\\"origin\\",arguments[t.urlArgIndex],{color:\\"aqua\\",\\"font-size\\":\\"12px\\"}),r(\\"target\\",o,{color:\\"#69e147\\",\\"font-size\\":\\"12px\\"}),arguments[t.urlArgIndex]=o,arguments[t.urlArgIndex])return n.apply(this,[].slice.call(arguments))}),\\"function\\"==typeof t.customMethod&&(t.target[t.methodName]=function(){return t.customMethod(n).apply(this,[].slice.call(arguments))})}))}()})();
//# sourceMappingURL=inject.production.js.map</script>
  <link rel=\\"shortcut icon\\" sizes=\\"16x16\\" href=\\"data:image/svg+xml;base64,PHN2ZyBoZWlnaHQ9IjMwIiB2aWV3Qm94PSIwIDAgNDUgMTYiIHhtbG5zPSJodHRwOi8vd3d3LnczLm9yZy8yMDAwL3N2ZyIgd2lkdGg9Ijg0Ij48cGF0aCBmaWxsPSJyZ2IoMzYsIDQxLCA0NikiIGQ9Ik0xOC41MyAxMi4wM2gtLjAyYy4wMDkgMCAuMDE1LjAxLjAyNC4wMTFoLjAwNmwtLjAxLS4wMXptLjAwNC4wMTFjLS4wOTMuMDAxLS4zMjcuMDUtLjU3NC4wNS0uNzggMC0xLjA1LS4zNi0xLjA1LS44M1Y4LjEzaDEuNTljLjA5IDAgLjE2LS4wOC4xNi0uMTl2LTEuN2MwLS4wOS0uMDgtLjE3LS4xNi0uMTdoLTEuNTlWMy45NmMwLS4wOC0uMDUtLjEzLS4xNC0uMTNoLTIuMTZjLS4wOSAwLS4xNC4wNS0uMTQuMTN2Mi4xN3MtMS4wOS4yNy0xLjE2LjI4Yy0uMDguMDItLjEzLjA5LS4xMy4xN3YxLjM2YzAgLjExLjA4LjE5LjE3LjE5aDEuMTF2My4yOGMwIDIuNDQgMS43IDIuNjkgMi44NiAyLjY5LjUzIDAgMS4xNy0uMTcgMS4yNy0uMjIuMDYtLjAyLjA5LS4wOS4wOS0uMTZ2LTEuNWEuMTc3LjE3NyAwIDAwLS4xNDYtLjE4ek00Mi4yMyA5Ljg0YzAtMS44MS0uNzMtMi4wNS0xLjUtMS45Ny0uNi4wNC0xLjA4LjM0LTEuMDguMzR2My41MnMuNDkuMzQgMS4yMi4zNmMxLjAzLjAzIDEuMzYtLjM0IDEuMzYtMi4yNXptMi40My0uMTZjMCAzLjQzLTEuMTEgNC40MS0zLjA1IDQuNDEtMS42NCAwLTIuNTItLjgzLTIuNTItLjgzcy0uMDQuNDYtLjA5LjUyYy0uMDMuMDYtLjA4LjA4LS4xNC4wOGgtMS40OGMtLjEgMC0uMTktLjA4LS4xOS0uMTdsLjAyLTExLjExYzAtLjA5LjA4LS4xNy4xNy0uMTdoMi4xM2MuMDkgMCAuMTcuMDguMTcuMTd2My43N3MuODItLjUzIDIuMDItLjUzbC0uMDEtLjAyYzEuMiAwIDIuOTcuNDUgMi45NyAzLjg4em0tOC43Mi0zLjYxaC0yLjFjLS4xMSAwLS4xNy4wOC0uMTcuMTl2NS40NHMtLjU1LjM5LTEuMy4zOS0uOTctLjM0LS45Ny0xLjA5VjYuMjVjMC0uMDktLjA4LS4xNy0uMTctLjE3aC0yLjE0Yy0uMDkgMC0uMTcuMDgtLjE3LjE3djUuMTFjMCAyLjIgMS4yMyAyLjc1IDIuOTIgMi43NSAxLjM5IDAgMi41Mi0uNzcgMi41Mi0uNzdzLjA1LjM5LjA4LjQ1Yy4wMi4wNS4wOS4wOS4xNi4wOWgxLjM0Yy4xMSAwIC4xNy0uMDguMTctLjE3bC4wMi03LjQ3YzAtLjA5LS4wOC0uMTctLjE5LS4xN3ptLTIzLjctLjAxaC0yLjEzYy0uMDkgMC0uMTcuMDktLjE3LjJ2Ny4zNGMwIC4yLjEzLjI3LjMuMjdoMS45MmMuMiAwIC4yNS0uMDkuMjUtLjI3VjYuMjNjMC0uMDktLjA4LS4xNy0uMTctLjE3em0tMS4wNS0zLjM4Yy0uNzcgMC0xLjM4LjYxLTEuMzggMS4zOCAwIC43Ny42MSAxLjM4IDEuMzggMS4zOC43NSAwIDEuMzYtLjYxIDEuMzYtMS4zOCAwLS43Ny0uNjEtMS4zOC0xLjM2LTEuMzh6bTE2LjQ5LS4yNWgtMi4xMWMtLjA5IDAtLjE3LjA4LS4xNy4xN3Y0LjA5aC0zLjMxVjIuNmMwLS4wOS0uMDgtLjE3LS4xNy0uMTdoLTIuMTNjLS4wOSAwLS4xNy4wOC0uMTcuMTd2MTEuMTFjMCAuMDkuMDkuMTcuMTcuMTdoMi4xM2MuMDkgMCAuMTctLjA4LjE3LS4xN1Y4Ljk2aDMuMzFsLS4wMiA0Ljc1YzAgLjA5LjA4LjE3LjE3LjE3aDIuMTNjLjA5IDAgLjE3LS4wOC4xNy0uMTdWMi42YzAtLjA5LS4wOC0uMTctLjE3LS4xN3pNOC44MSA3LjM1djUuNzRjMCAuMDQtLjAxLjExLS4wNi4xMyAwIDAtMS4yNS44OS0zLjMxLjg5LTIuNDkgMC01LjQ0LS43OC01LjQ0LTUuOTJTMi41OCAxLjk5IDUuMSAyYzIuMTggMCAzLjA2LjQ5IDMuMi41OC4wNC4wNS4wNi4wOS4wNi4xNEw3Ljk0IDQuNWMwIC4wOS0uMDkuMi0uMi4xNy0uMzYtLjExLS45LS4zMy0yLjE3LS4zMy0xLjQ3IDAtMy4wNS40Mi0zLjA1IDMuNzNzMS41IDMuNyAyLjU4IDMuN2MuOTIgMCAxLjI1LS4xMSAxLjI1LS4xMXYtMi4zSDQuODhjLS4xMSAwLS4xOS0uMDgtLjE5LS4xN1Y3LjM1YzAtLjA5LjA4LS4xNy4xOS0uMTdoMy43NGMuMTEgMCAuMTkuMDguMTkuMTd6Ij48L3BhdGg+PC9zdmc+\\">
  <style>
    .inline {
      height: 200px;
      background: url(data:image/svg+xml;base64,PHN2ZyBoZWlnaHQ9IjMwIiB2aWV3Qm94PSIwIDAgNDUgMTYiIHhtbG5zPSJodHRwOi8vd3d3LnczLm9yZy8yMDAwL3N2ZyIgd2lkdGg9Ijg0Ij48cGF0aCBmaWxsPSJyZ2IoMzYsIDQxLCA0NikiIGQ9Ik0xOC41MyAxMi4wM2gtLjAyYy4wMDkgMCAuMDE1LjAxLjAyNC4wMTFoLjAwNmwtLjAxLS4wMXptLjAwNC4wMTFjLS4wOTMuMDAxLS4zMjcuMDUtLjU3NC4wNS0uNzggMC0xLjA1LS4zNi0xLjA1LS44M1Y4LjEzaDEuNTljLjA5IDAgLjE2LS4wOC4xNi0uMTl2LTEuN2MwLS4wOS0uMDgtLjE3LS4xNi0uMTdoLTEuNTlWMy45NmMwLS4wOC0uMDUtLjEzLS4xNC0uMTNoLTIuMTZjLS4wOSAwLS4xNC4wNS0uMTQuMTN2Mi4xN3MtMS4wOS4yNy0xLjE2LjI4Yy0uMDguMDItLjEzLjA5LS4xMy4xN3YxLjM2YzAgLjExLjA4LjE5LjE3LjE5aDEuMTF2My4yOGMwIDIuNDQgMS43IDIuNjkgMi44NiAyLjY5LjUzIDAgMS4xNy0uMTcgMS4yNy0uMjIuMDYtLjAyLjA5LS4wOS4wOS0uMTZ2LTEuNWEuMTc3LjE3NyAwIDAwLS4xNDYtLjE4ek00Mi4yMyA5Ljg0YzAtMS44MS0uNzMtMi4wNS0xLjUtMS45Ny0uNi4wNC0xLjA4LjM0LTEuMDguMzR2My41MnMuNDkuMzQgMS4yMi4zNmMxLjAzLjAzIDEuMzYtLjM0IDEuMzYtMi4yNXptMi40My0uMTZjMCAzLjQzLTEuMTEgNC40MS0zLjA1IDQuNDEtMS42NCAwLTIuNTItLjgzLTIuNTItLjgzcy0uMDQuNDYtLjA5LjUyYy0uMDMuMDYtLjA4LjA4LS4xNC4wOGgtMS40OGMtLjEgMC0uMTktLjA4LS4xOS0uMTdsLjAyLTExLjExYzAtLjA5LjA4LS4xNy4xNy0uMTdoMi4xM2MuMDkgMCAuMTcuMDguMTcuMTd2My43N3MuODItLjUzIDIuMDItLjUzbC0uMDEtLjAyYzEuMiAwIDIuOTcuNDUgMi45NyAzLjg4em0tOC43Mi0zLjYxaC0yLjFjLS4xMSAwLS4xNy4wOC0uMTcuMTl2NS40NHMtLjU1LjM5LTEuMy4zOS0uOTctLjM0LS45Ny0xLjA5VjYuMjVjMC0uMDktLjA4LS4xNy0uMTctLjE3aC0yLjE0Yy0uMDkgMC0uMTcuMDgtLjE3LjE3djUuMTFjMCAyLjIgMS4yMyAyLjc1IDIuOTIgMi43NSAxLjM5IDAgMi41Mi0uNzcgMi41Mi0uNzdzLjA1LjM5LjA4LjQ1Yy4wMi4wNS4wOS4wOS4xNi4wOWgxLjM0Yy4xMSAwIC4xNy0uMDguMTctLjE3bC4wMi03LjQ3YzAtLjA5LS4wOC0uMTctLjE5LS4xN3ptLTIzLjctLjAxaC0yLjEzYy0uMDkgMC0uMTcuMDktLjE3LjJ2Ny4zNGMwIC4yLjEzLjI3LjMuMjdoMS45MmMuMiAwIC4yNS0uMDkuMjUtLjI3VjYuMjNjMC0uMDktLjA4LS4xNy0uMTctLjE3em0tMS4wNS0zLjM4Yy0uNzcgMC0xLjM4LjYxLTEuMzggMS4zOCAwIC43Ny42MSAxLjM4IDEuMzggMS4zOC43NSAwIDEuMzYtLjYxIDEuMzYtMS4zOCAwLS43Ny0uNjEtMS4zOC0xLjM2LTEuMzh6bTE2LjQ5LS4yNWgtMi4xMWMtLjA5IDAtLjE3LjA4LS4xNy4xN3Y0LjA5aC0zLjMxVjIuNmMwLS4wOS0uMDgtLjE3LS4xNy0uMTdoLTIuMTNjLS4wOSAwLS4xNy4wOC0uMTcuMTd2MTEuMTFjMCAuMDkuMDkuMTcuMTcuMTdoMi4xM2MuMDkgMCAuMTctLjA4LjE3LS4xN1Y4Ljk2aDMuMzFsLS4wMiA0Ljc1YzAgLjA5LjA4LjE3LjE3LjE3aDIuMTNjLjA5IDAgLjE3LS4wOC4xNy0uMTdWMi42YzAtLjA5LS4wOC0uMTctLjE3LS4xN3pNOC44MSA3LjM1djUuNzRjMCAuMDQtLjAxLjExLS4wNi4xMyAwIDAtMS4yNS44OS0zLjMxLjg5LTIuNDkgMC01LjQ0LS43OC01LjQ0LTUuOTJTMi41OCAxLjk5IDUuMSAyYzIuMTggMCAzLjA2LjQ5IDMuMi41OC4wNC4wNS4wNi4wOS4wNi4xNEw3Ljk0IDQuNWMwIC4wOS0uMDkuMi0uMi4xNy0uMzYtLjExLS45LS4zMy0yLjE3LS4zMy0xLjQ3IDAtMy4wNS40Mi0zLjA1IDMuNzNzMS41IDMuNyAyLjU4IDMuN2MuOTIgMCAxLjI1LS4xMSAxLjI1LS4xMXYtMi4zSDQuODhjLS4xMSAwLS4xOS0uMDgtLjE5LS4xN1Y3LjM1YzAtLjA5LjA4LS4xNy4xOS0uMTdoMy43NGMuMTEgMCAuMTkuMDguMTkuMTd6Ij48L3BhdGg+PC9zdmc+);
    }
  
/*# sourceMappingURL=to.css.map */</style>
</head>

<body>
  <img src=\\"data:image/svg+xml;base64,PHN2ZyBoZWlnaHQ9IjMwIiB2aWV3Qm94PSIwIDAgNDUgMTYiIHhtbG5zPSJodHRwOi8vd3d3LnczLm9yZy8yMDAwL3N2ZyIgd2lkdGg9Ijg0Ij48cGF0aCBmaWxsPSJyZ2IoMzYsIDQxLCA0NikiIGQ9Ik0xOC41MyAxMi4wM2gtLjAyYy4wMDkgMCAuMDE1LjAxLjAyNC4wMTFoLjAwNmwtLjAxLS4wMXptLjAwNC4wMTFjLS4wOTMuMDAxLS4zMjcuMDUtLjU3NC4wNS0uNzggMC0xLjA1LS4zNi0xLjA1LS44M1Y4LjEzaDEuNTljLjA5IDAgLjE2LS4wOC4xNi0uMTl2LTEuN2MwLS4wOS0uMDgtLjE3LS4xNi0uMTdoLTEuNTlWMy45NmMwLS4wOC0uMDUtLjEzLS4xNC0uMTNoLTIuMTZjLS4wOSAwLS4xNC4wNS0uMTQuMTN2Mi4xN3MtMS4wOS4yNy0xLjE2LjI4Yy0uMDguMDItLjEzLjA5LS4xMy4xN3YxLjM2YzAgLjExLjA4LjE5LjE3LjE5aDEuMTF2My4yOGMwIDIuNDQgMS43IDIuNjkgMi44NiAyLjY5LjUzIDAgMS4xNy0uMTcgMS4yNy0uMjIuMDYtLjAyLjA5LS4wOS4wOS0uMTZ2LTEuNWEuMTc3LjE3NyAwIDAwLS4xNDYtLjE4ek00Mi4yMyA5Ljg0YzAtMS44MS0uNzMtMi4wNS0xLjUtMS45Ny0uNi4wNC0xLjA4LjM0LTEuMDguMzR2My41MnMuNDkuMzQgMS4yMi4zNmMxLjAzLjAzIDEuMzYtLjM0IDEuMzYtMi4yNXptMi40My0uMTZjMCAzLjQzLTEuMTEgNC40MS0zLjA1IDQuNDEtMS42NCAwLTIuNTItLjgzLTIuNTItLjgzcy0uMDQuNDYtLjA5LjUyYy0uMDMuMDYtLjA4LjA4LS4xNC4wOGgtMS40OGMtLjEgMC0uMTktLjA4LS4xOS0uMTdsLjAyLTExLjExYzAtLjA5LjA4LS4xNy4xNy0uMTdoMi4xM2MuMDkgMCAuMTcuMDguMTcuMTd2My43N3MuODItLjUzIDIuMDItLjUzbC0uMDEtLjAyYzEuMiAwIDIuOTcuNDUgMi45NyAzLjg4em0tOC43Mi0zLjYxaC0yLjFjLS4xMSAwLS4xNy4wOC0uMTcuMTl2NS40NHMtLjU1LjM5LTEuMy4zOS0uOTctLjM0LS45Ny0xLjA5VjYuMjVjMC0uMDktLjA4LS4xNy0uMTctLjE3aC0yLjE0Yy0uMDkgMC0uMTcuMDgtLjE3LjE3djUuMTFjMCAyLjIgMS4yMyAyLjc1IDIuOTIgMi43NSAxLjM5IDAgMi41Mi0uNzcgMi41Mi0uNzdzLjA1LjM5LjA4LjQ1Yy4wMi4wNS4wOS4wOS4xNi4wOWgxLjM0Yy4xMSAwIC4xNy0uMDguMTctLjE3bC4wMi03LjQ3YzAtLjA5LS4wOC0uMTctLjE5LS4xN3ptLTIzLjctLjAxaC0yLjEzYy0uMDkgMC0uMTcuMDktLjE3LjJ2Ny4zNGMwIC4yLjEzLjI3LjMuMjdoMS45MmMuMiAwIC4yNS0uMDkuMjUtLjI3VjYuMjNjMC0uMDktLjA4LS4xNy0uMTctLjE3em0tMS4wNS0zLjM4Yy0uNzcgMC0xLjM4LjYxLTEuMzggMS4zOCAwIC43Ny42MSAxLjM4IDEuMzggMS4zOC43NSAwIDEuMzYtLjYxIDEuMzYtMS4zOCAwLS43Ny0uNjEtMS4zOC0xLjM2LTEuMzh6bTE2LjQ5LS4yNWgtMi4xMWMtLjA5IDAtLjE3LjA4LS4xNy4xN3Y0LjA5aC0zLjMxVjIuNmMwLS4wOS0uMDgtLjE3LS4xNy0uMTdoLTIuMTNjLS4wOSAwLS4xNy4wOC0uMTcuMTd2MTEuMTFjMCAuMDkuMDkuMTcuMTcuMTdoMi4xM2MuMDkgMCAuMTctLjA4LjE3LS4xN1Y4Ljk2aDMuMzFsLS4wMiA0Ljc1YzAgLjA5LjA4LjE3LjE3LjE3aDIuMTNjLjA5IDAgLjE3LS4wOC4xNy0uMTdWMi42YzAtLjA5LS4wOC0uMTctLjE3LS4xN3pNOC44MSA3LjM1djUuNzRjMCAuMDQtLjAxLjExLS4wNi4xMyAwIDAtMS4yNS44OS0zLjMxLjg5LTIuNDkgMC01LjQ0LS43OC01LjQ0LTUuOTJTMi41OCAxLjk5IDUuMSAyYzIuMTggMCAzLjA2LjQ5IDMuMi41OC4wNC4wNS4wNi4wOS4wNi4xNEw3Ljk0IDQuNWMwIC4wOS0uMDkuMi0uMi4xNy0uMzYtLjExLS45LS4zMy0yLjE3LS4zMy0xLjQ3IDAtMy4wNS40Mi0zLjA1IDMuNzNzMS41IDMuNyAyLjU4IDMuN2MuOTIgMCAxLjI1LS4xMSAxLjI1LS4xMXYtMi4zSDQuODhjLS4xMSAwLS4xOS0uMDgtLjE5LS4xN1Y3LjM1YzAtLjA5LjA4LS4xNy4xOS0uMTdoMy43NGMuMTEgMCAuMTkuMDguMTkuMTd6Ij48L3BhdGg+PC9zdmc+\\">
  <div class=\\"inline test\\"></div>
  <div class=\\"inline\\" style=\\"width: 200px; background: url(data:image/svg+xml;base64,PHN2ZyBoZWlnaHQ9IjMwIiB2aWV3Qm94PSIwIDAgNDUgMTYiIHhtbG5zPSJodHRwOi8vd3d3LnczLm9yZy8yMDAwL3N2ZyIgd2lkdGg9Ijg0Ij48cGF0aCBmaWxsPSJyZ2IoMzYsIDQxLCA0NikiIGQ9Ik0xOC41MyAxMi4wM2gtLjAyYy4wMDkgMCAuMDE1LjAxLjAyNC4wMTFoLjAwNmwtLjAxLS4wMXptLjAwNC4wMTFjLS4wOTMuMDAxLS4zMjcuMDUtLjU3NC4wNS0uNzggMC0xLjA1LS4zNi0xLjA1LS44M1Y4LjEzaDEuNTljLjA5IDAgLjE2LS4wOC4xNi0uMTl2LTEuN2MwLS4wOS0uMDgtLjE3LS4xNi0uMTdoLTEuNTlWMy45NmMwLS4wOC0uMDUtLjEzLS4xNC0uMTNoLTIuMTZjLS4wOSAwLS4xNC4wNS0uMTQuMTN2Mi4xN3MtMS4wOS4yNy0xLjE2LjI4Yy0uMDguMDItLjEzLjA5LS4xMy4xN3YxLjM2YzAgLjExLjA4LjE5LjE3LjE5aDEuMTF2My4yOGMwIDIuNDQgMS43IDIuNjkgMi44NiAyLjY5LjUzIDAgMS4xNy0uMTcgMS4yNy0uMjIuMDYtLjAyLjA5LS4wOS4wOS0uMTZ2LTEuNWEuMTc3LjE3NyAwIDAwLS4xNDYtLjE4ek00Mi4yMyA5Ljg0YzAtMS44MS0uNzMtMi4wNS0xLjUtMS45Ny0uNi4wNC0xLjA4LjM0LTEuMDguMzR2My41MnMuNDkuMzQgMS4yMi4zNmMxLjAzLjAzIDEuMzYtLjM0IDEuMzYtMi4yNXptMi40My0uMTZjMCAzLjQzLTEuMTEgNC40MS0zLjA1IDQuNDEtMS42NCAwLTIuNTItLjgzLTIuNTItLjgzcy0uMDQuNDYtLjA5LjUyYy0uMDMuMDYtLjA4LjA4LS4xNC4wOGgtMS40OGMtLjEgMC0uMTktLjA4LS4xOS0uMTdsLjAyLTExLjExYzAtLjA5LjA4LS4xNy4xNy0uMTdoMi4xM2MuMDkgMCAuMTcuMDguMTcuMTd2My43N3MuODItLjUzIDIuMDItLjUzbC0uMDEtLjAyYzEuMiAwIDIuOTcuNDUgMi45NyAzLjg4em0tOC43Mi0zLjYxaC0yLjFjLS4xMSAwLS4xNy4wOC0uMTcuMTl2NS40NHMtLjU1LjM5LTEuMy4zOS0uOTctLjM0LS45Ny0xLjA5VjYuMjVjMC0uMDktLjA4LS4xNy0uMTctLjE3aC0yLjE0Yy0uMDkgMC0uMTcuMDgtLjE3LjE3djUuMTFjMCAyLjIgMS4yMyAyLjc1IDIuOTIgMi43NSAxLjM5IDAgMi41Mi0uNzcgMi41Mi0uNzdzLjA1LjM5LjA4LjQ1Yy4wMi4wNS4wOS4wOS4xNi4wOWgxLjM0Yy4xMSAwIC4xNy0uMDguMTctLjE3bC4wMi03LjQ3YzAtLjA5LS4wOC0uMTctLjE5LS4xN3ptLTIzLjctLjAxaC0yLjEzYy0uMDkgMC0uMTcuMDktLjE3LjJ2Ny4zNGMwIC4yLjEzLjI3LjMuMjdoMS45MmMuMiAwIC4yNS0uMDkuMjUtLjI3VjYuMjNjMC0uMDktLjA4LS4xNy0uMTctLjE3em0tMS4wNS0zLjM4Yy0uNzcgMC0xLjM4LjYxLTEuMzggMS4zOCAwIC43Ny42MSAxLjM4IDEuMzggMS4zOC43NSAwIDEuMzYtLjYxIDEuMzYtMS4zOCAwLS43Ny0uNjEtMS4zOC0xLjM2LTEuMzh6bTE2LjQ5LS4yNWgtMi4xMWMtLjA5IDAtLjE3LjA4LS4xNy4xN3Y0LjA5aC0zLjMxVjIuNmMwLS4wOS0uMDgtLjE3LS4xNy0uMTdoLTIuMTNjLS4wOSAwLS4xNy4wOC0uMTcuMTd2MTEuMTFjMCAuMDkuMDkuMTcuMTcuMTdoMi4xM2MuMDkgMCAuMTctLjA4LjE3LS4xN1Y4Ljk2aDMuMzFsLS4wMiA0Ljc1YzAgLjA5LjA4LjE3LjE3LjE3aDIuMTNjLjA5IDAgLjE3LS4wOC4xNy0uMTdWMi42YzAtLjA5LS4wOC0uMTctLjE3LS4xN3pNOC44MSA3LjM1djUuNzRjMCAuMDQtLjAxLjExLS4wNi4xMyAwIDAtMS4yNS44OS0zLjMxLjg5LTIuNDkgMC01LjQ0LS43OC01LjQ0LTUuOTJTMi41OCAxLjk5IDUuMSAyYzIuMTggMCAzLjA2LjQ5IDMuMi41OC4wNC4wNS4wNi4wOS4wNi4xNEw3Ljk0IDQuNWMwIC4wOS0uMDkuMi0uMi4xNy0uMzYtLjExLS45LS4zMy0yLjE3LS4zMy0xLjQ3IDAtMy4wNS40Mi0zLjA1IDMuNzNzMS41IDMuNyAyLjU4IDMuN2MuOTIgMCAxLjI1LS4xMSAxLjI1LS4xMXYtMi4zSDQuODhjLS4xMSAwLS4xOS0uMDgtLjE5LS4xN1Y3LjM1YzAtLjA5LjA4LS4xNy4xOS0uMTdoMy43NGMuMTEgMCAuMTkuMDguMTkuMTd6Ij48L3BhdGg+PC9zdmc+)\\"></div>
  <div class=\\"inline\\" style=\\"width: 200px;\\"></div>

  <script>
    var img = document.createElement('img')
    img.src = \\"data:image/svg+xml;base64,PHN2ZyBoZWlnaHQ9IjMwIiB2aWV3Qm94PSIwIDAgNDUgMTYiIHhtbG5zPSJodHRwOi8vd3d3LnczLm9yZy8yMDAwL3N2ZyIgd2lkdGg9Ijg0Ij48cGF0aCBmaWxsPSJyZ2IoMzYsIDQxLCA0NikiIGQ9Ik0xOC41MyAxMi4wM2gtLjAyYy4wMDkgMCAuMDE1LjAxLjAyNC4wMTFoLjAwNmwtLjAxLS4wMXptLjAwNC4wMTFjLS4wOTMuMDAxLS4zMjcuMDUtLjU3NC4wNS0uNzggMC0xLjA1LS4zNi0xLjA1LS44M1Y4LjEzaDEuNTljLjA5IDAgLjE2LS4wOC4xNi0uMTl2LTEuN2MwLS4wOS0uMDgtLjE3LS4xNi0uMTdoLTEuNTlWMy45NmMwLS4wOC0uMDUtLjEzLS4xNC0uMTNoLTIuMTZjLS4wOSAwLS4xNC4wNS0uMTQuMTN2Mi4xN3MtMS4wOS4yNy0xLjE2LjI4Yy0uMDguMDItLjEzLjA5LS4xMy4xN3YxLjM2YzAgLjExLjA4LjE5LjE3LjE5aDEuMTF2My4yOGMwIDIuNDQgMS43IDIuNjkgMi44NiAyLjY5LjUzIDAgMS4xNy0uMTcgMS4yNy0uMjIuMDYtLjAyLjA5LS4wOS4wOS0uMTZ2LTEuNWEuMTc3LjE3NyAwIDAwLS4xNDYtLjE4ek00Mi4yMyA5Ljg0YzAtMS44MS0uNzMtMi4wNS0xLjUtMS45Ny0uNi4wNC0xLjA4LjM0LTEuMDguMzR2My41MnMuNDkuMzQgMS4yMi4zNmMxLjAzLjAzIDEuMzYtLjM0IDEuMzYtMi4yNXptMi40My0uMTZjMCAzLjQzLTEuMTEgNC40MS0zLjA1IDQuNDEtMS42NCAwLTIuNTItLjgzLTIuNTItLjgzcy0uMDQuNDYtLjA5LjUyYy0uMDMuMDYtLjA4LjA4LS4xNC4wOGgtMS40OGMtLjEgMC0uMTktLjA4LS4xOS0uMTdsLjAyLTExLjExYzAtLjA5LjA4LS4xNy4xNy0uMTdoMi4xM2MuMDkgMCAuMTcuMDguMTcuMTd2My43N3MuODItLjUzIDIuMDItLjUzbC0uMDEtLjAyYzEuMiAwIDIuOTcuNDUgMi45NyAzLjg4em0tOC43Mi0zLjYxaC0yLjFjLS4xMSAwLS4xNy4wOC0uMTcuMTl2NS40NHMtLjU1LjM5LTEuMy4zOS0uOTctLjM0LS45Ny0xLjA5VjYuMjVjMC0uMDktLjA4LS4xNy0uMTctLjE3aC0yLjE0Yy0uMDkgMC0uMTcuMDgtLjE3LjE3djUuMTFjMCAyLjIgMS4yMyAyLjc1IDIuOTIgMi43NSAxLjM5IDAgMi41Mi0uNzcgMi41Mi0uNzdzLjA1LjM5LjA4LjQ1Yy4wMi4wNS4wOS4wOS4xNi4wOWgxLjM0Yy4xMSAwIC4xNy0uMDguMTctLjE3bC4wMi03LjQ3YzAtLjA5LS4wOC0uMTctLjE5LS4xN3ptLTIzLjctLjAxaC0yLjEzYy0uMDkgMC0uMTcuMDktLjE3LjJ2Ny4zNGMwIC4yLjEzLjI3LjMuMjdoMS45MmMuMiAwIC4yNS0uMDkuMjUtLjI3VjYuMjNjMC0uMDktLjA4LS4xNy0uMTctLjE3em0tMS4wNS0zLjM4Yy0uNzcgMC0xLjM4LjYxLTEuMzggMS4zOCAwIC43Ny42MSAxLjM4IDEuMzggMS4zOC43NSAwIDEuMzYtLjYxIDEuMzYtMS4zOCAwLS43Ny0uNjEtMS4zOC0xLjM2LTEuMzh6bTE2LjQ5LS4yNWgtMi4xMWMtLjA5IDAtLjE3LjA4LS4xNy4xN3Y0LjA5aC0zLjMxVjIuNmMwLS4wOS0uMDgtLjE3LS4xNy0uMTdoLTIuMTNjLS4wOSAwLS4xNy4wOC0uMTcuMTd2MTEuMTFjMCAuMDkuMDkuMTcuMTcuMTdoMi4xM2MuMDkgMCAuMTctLjA4LjE3LS4xN1Y4Ljk2aDMuMzFsLS4wMiA0Ljc1YzAgLjA5LjA4LjE3LjE3LjE3aDIuMTNjLjA5IDAgLjE3LS4wOC4xNy0uMTdWMi42YzAtLjA5LS4wOC0uMTctLjE3LS4xN3pNOC44MSA3LjM1djUuNzRjMCAuMDQtLjAxLjExLS4wNi4xMyAwIDAtMS4yNS44OS0zLjMxLjg5LTIuNDkgMC01LjQ0LS43OC01LjQ0LTUuOTJTMi41OCAxLjk5IDUuMSAyYzIuMTggMCAzLjA2LjQ5IDMuMi41OC4wNC4wNS4wNi4wOS4wNi4xNEw3Ljk0IDQuNWMwIC4wOS0uMDkuMi0uMi4xNy0uMzYtLjExLS45LS4zMy0yLjE3LS4zMy0xLjQ3IDAtMy4wNS40Mi0zLjA1IDMuNzNzMS41IDMuNyAyLjU4IDMuN2MuOTIgMCAxLjI1LS4xMSAxLjI1LS4xMXYtMi4zSDQuODhjLS4xMSAwLS4xOS0uMDgtLjE5LS4xN1Y3LjM1YzAtLjA5LjA4LS4xNy4xOS0uMTdoMy43NGMuMTEgMCAuMTkuMDguMTkuMTd6Ij48L3BhdGg+PC9zdmc+\\"
    document.body.append(img)
  </script>

  <!-- <script src=\\"https://github.githubassets.com/assets/chunk-frameworks-39ff961b.js\\"></script> -->
<script src=\\"/webpack/public/path/main.bundle.js\\"></script></body>"
`;

exports[`plugin html inject true: result 1`] = `
Array [
  Array [
    "../../node_modules/css-loader/dist/cjs.js!./basic.css",
    ".test {
  background-image: url('https://github.githubassets.com/images/modules/site/icons/footer/github-logo.svg');
  height: 100px;
  width: 100px;
}",
    "",
  ],
  Array [
    "./import.css",
    ".import {
  background-color: lightseagreen;
}",
    "",
  ],
]
`;
